May  3 03:26:37 apero sshd(pam_unix)[5600]: authentication failure; logname= uid=0 euid=0 tty=NODEVssh ruser= rhost=c-24-19-136-229.hsd1.wa.comcast.net  user=root
May  3 03:26:42 apero sshd(pam_unix)[5601]: authentication failure; logname= uid=0 euid=0 tty=NODEVssh ruser= rhost=c-24-19-136-229.hsd1.wa.comcast.net  user=root
May  3 03:26:42 apero sshd(pam_unix)[5601]: authentication failure; logname= uid=0 euid=0 tty=NODEVssh ruser= rhost=c-24-19-136-229.hsd1.wa.comcast.net  user=root
May  3 03:26:42 apero sshd(pam_unix)[5601]: authentication failure; logname= uid=0 euid=0 tty=NODEVssh ruser= rhost=c-24-19-136-229.hsd1.wa.comcast.net  user=root
May  3 03:26:42 apero sshd(pam_unix)[5601]: authentication failure; logname= uid=0 euid=0 tty=NODEVssh ruser= rhost=c-24-19-136-229.hsd1.wa.comcast.net  user=root
May  3 03:26:42 apero sshd(pam_unix)[5601]: authentication failure; logname= uid=0 euid=0 tty=NODEVssh ruser= rhost=c-24-19-136-229.hsd1.wa.comcast.net  user=root
May  3 03:26:42 apero sshd(pam_unix)[5601]: authentication failure; logname= uid=0 euid=0 tty=NODEVssh ruser= rhost=c-24-19-136-229.hsd1.wa.comcast.net  user=root
May  3 03:26:42 apero sshd(pam_unix)[5601]: authentication failure; logname= uid=0 euid=0 tty=NODEVssh ruser= rhost=c-24-19-136-229.hsd1.wa.comcast.net  user=root
May  3 03:26:42 apero sshd(pam_unix)[5601]: authentication failure; logname= uid=0 euid=0 tty=NODEVssh ruser= rhost=c-24-19-136-229.hsd1.wa.comcast.net  user=root
May  3 03:26:42 apero sshd(pam_unix)[5601]: authentication failure; logname= uid=0 euid=0 tty=NODEVssh ruser= rhost=c-24-19-136-229.hsd1.wa.comcast.net  user=root
May  3 03:26:42 apero sshd(pam_unix)[5601]: authentication failure; logname= uid=0 euid=0 tty=NODEVssh ruser= rhost=c-24-19-136-229.hsd1.wa.comcast.net  user=root
May  3 03:26:42 apero sshd(pam_unix)[5601]: authentication failure; logname= uid=0 euid=0 tty=NODEVssh ruser= rhost=c-24-19-136-229.hsd1.wa.comcast.net  user=root
